Logging initialized.
[DEBUG (Texture.cpp: 18)] aPointer[0] is127
[DEBUG (Texture.cpp: 19)] aPointer[1] is69
[DEBUG (Texture.cpp: 20)] aPointer[2] is76
[DEBUG (Texture.cpp: 21)] aPointer[3] is70
[DEBUG (Texture.cpp: 18)] aPointer[0] is1
[DEBUG (Texture.cpp: 19)] aPointer[1] is1
[DEBUG (Texture.cpp: 20)] aPointer[2] is1
[DEBUG (Texture.cpp: 21)] aPointer[3] is0
[DEBUG (Texture.cpp: 18)] aPointer[0] is3
[DEBUG (Texture.cpp: 19)] aPointer[1] is0
[DEBUG (Texture.cpp: 20)] aPointer[2] is1
[DEBUG (Texture.cpp: 21)] aPointer[3] is0
[DEBUG (Texture.cpp: 18)] aPointer[0] is0
[DEBUG (Texture.cpp: 19)] aPointer[1] is0
[DEBUG (Texture.cpp: 20)] aPointer[2] is160
[DEBUG (Texture.cpp: 21)] aPointer[3] is146
[DEBUG (Texture.cpp: 18)] aPointer[0] is76
[DEBUG (Texture.cpp: 19)] aPointer[1] is70
[DEBUG (Texture.cpp: 20)] aPointer[2] is1
[DEBUG (Texture.cpp: 21)] aPointer[3] is1
[INFO (Texture.cpp: 41)] Loading bmp file:./bmptest
[DEBUG (Texture.cpp: 42)] width is 65539, height is 2459959296, filesize is 16860748
Logging initialized.
Logging initialized.
[DEBUG (Texture.cpp: 18)] aPointer[0] is137
[DEBUG (Texture.cpp: 19)] aPointer[1] is80
[DEBUG (Texture.cpp: 20)] aPointer[2] is78
[DEBUG (Texture.cpp: 21)] aPointer[3] is71
[DEBUG (Texture.cpp: 18)] aPointer[0] is13
[DEBUG (Texture.cpp: 19)] aPointer[1] is10
[DEBUG (Texture.cpp: 20)] aPointer[2] is26
[DEBUG (Texture.cpp: 21)] aPointer[3] is10
[DEBUG (Texture.cpp: 18)] aPointer[0] is1
[DEBUG (Texture.cpp: 19)] aPointer[1] is44
[DEBUG (Texture.cpp: 20)] aPointer[2] is0
[DEBUG (Texture.cpp: 21)] aPointer[3] is0
[DEBUG (Texture.cpp: 18)] aPointer[0] is1
[DEBUG (Texture.cpp: 19)] aPointer[1] is44
[DEBUG (Texture.cpp: 20)] aPointer[2] is8
[DEBUG (Texture.cpp: 21)] aPointer[3] is2
[DEBUG (Texture.cpp: 18)] aPointer[0] is78
[DEBUG (Texture.cpp: 19)] aPointer[1] is71
[DEBUG (Texture.cpp: 20)] aPointer[2] is13
[DEBUG (Texture.cpp: 21)] aPointer[3] is10
[INFO (Texture.cpp: 41)] Loading bmp file:tex.bmp
[DEBUG (Texture.cpp: 42)] width is 11265, height is 34089985, filesize is 168642382
Logging initialized.
[DEBUG (Texture.cpp: 18)] aPointer[0] is66
[DEBUG (Texture.cpp: 19)] aPointer[1] is77
[DEBUG (Texture.cpp: 20)] aPointer[2] is56
[DEBUG (Texture.cpp: 21)] aPointer[3] is4
[DEBUG (Texture.cpp: 18)] aPointer[0] is4
[DEBUG (Texture.cpp: 19)] aPointer[1] is0
[DEBUG (Texture.cpp: 20)] aPointer[2] is0
[DEBUG (Texture.cpp: 21)] aPointer[3] is0
[DEBUG (Texture.cpp: 18)] aPointer[0] is0
[DEBUG (Texture.cpp: 19)] aPointer[1] is2
[DEBUG (Texture.cpp: 20)] aPointer[2] is0
[DEBUG (Texture.cpp: 21)] aPointer[3] is0
[DEBUG (Texture.cpp: 18)] aPointer[0] is0
[DEBUG (Texture.cpp: 19)] aPointer[1] is2
[DEBUG (Texture.cpp: 20)] aPointer[2] is0
[DEBUG (Texture.cpp: 21)] aPointer[3] is0
[DEBUG (Texture.cpp: 18)] aPointer[0] is56
[DEBUG (Texture.cpp: 19)] aPointer[1] is4
[DEBUG (Texture.cpp: 20)] aPointer[2] is4
[DEBUG (Texture.cpp: 21)] aPointer[3] is0
[INFO (Texture.cpp: 41)] Loading bmp file:src/tex2.bmp
[DEBUG (Texture.cpp: 42)] width is 512, height is 512, filesize is 263224
Logging initialized.
Logging initialized.
[DEBUG (Texture.cpp: 18)] aPointer[0] is66
[DEBUG (Texture.cpp: 19)] aPointer[1] is77
[DEBUG (Texture.cpp: 20)] aPointer[2] is56
[DEBUG (Texture.cpp: 21)] aPointer[3] is4
[DEBUG (Texture.cpp: 18)] aPointer[0] is4
[DEBUG (Texture.cpp: 19)] aPointer[1] is0
[DEBUG (Texture.cpp: 20)] aPointer[2] is0
[DEBUG (Texture.cpp: 21)] aPointer[3] is0
[DEBUG (Texture.cpp: 18)] aPointer[0] is0
[DEBUG (Texture.cpp: 19)] aPointer[1] is2
[DEBUG (Texture.cpp: 20)] aPointer[2] is0
[DEBUG (Texture.cpp: 21)] aPointer[3] is0
[DEBUG (Texture.cpp: 18)] aPointer[0] is0
[DEBUG (Texture.cpp: 19)] aPointer[1] is2
[DEBUG (Texture.cpp: 20)] aPointer[2] is0
[DEBUG (Texture.cpp: 21)] aPointer[3] is0
[DEBUG (Texture.cpp: 18)] aPointer[0] is56
[DEBUG (Texture.cpp: 19)] aPointer[1] is4
[DEBUG (Texture.cpp: 20)] aPointer[2] is4
[DEBUG (Texture.cpp: 21)] aPointer[3] is0
[INFO (Texture.cpp: 41)] Loading bmp file:src/tex2.bmp
[DEBUG (Texture.cpp: 42)] width is 512, height is 512, filesize is 263224
Logging initialized.
[DEBUG (Texture.cpp: 18)] aPointer[0] is66
[DEBUG (Texture.cpp: 19)] aPointer[1] is77
[DEBUG (Texture.cpp: 20)] aPointer[2] is56
[DEBUG (Texture.cpp: 21)] aPointer[3] is4
[DEBUG (Texture.cpp: 18)] aPointer[0] is4
[DEBUG (Texture.cpp: 19)] aPointer[1] is0
[DEBUG (Texture.cpp: 20)] aPointer[2] is0
[DEBUG (Texture.cpp: 21)] aPointer[3] is0
[DEBUG (Texture.cpp: 18)] aPointer[0] is0
[DEBUG (Texture.cpp: 19)] aPointer[1] is2
[DEBUG (Texture.cpp: 20)] aPointer[2] is0
[DEBUG (Texture.cpp: 21)] aPointer[3] is0
[DEBUG (Texture.cpp: 18)] aPointer[0] is0
[DEBUG (Texture.cpp: 19)] aPointer[1] is2
[DEBUG (Texture.cpp: 20)] aPointer[2] is0
[DEBUG (Texture.cpp: 21)] aPointer[3] is0
[DEBUG (Texture.cpp: 18)] aPointer[0] is56
[DEBUG (Texture.cpp: 19)] aPointer[1] is4
[DEBUG (Texture.cpp: 20)] aPointer[2] is4
[DEBUG (Texture.cpp: 21)] aPointer[3] is0
[INFO (Texture.cpp: 41)] Loading bmp file:src/tex2.bmp
[DEBUG (Texture.cpp: 42)] width is 512, height is 512, filesize is 263224
Logging initialized.
[DEBUG (Texture.cpp: 18)] aPointer[0] is0
[DEBUG (Texture.cpp: 19)] aPointer[1] is2
[DEBUG (Texture.cpp: 20)] aPointer[2] is0
[DEBUG (Texture.cpp: 21)] aPointer[3] is0
[DEBUG (Texture.cpp: 18)] aPointer[0] is0
[DEBUG (Texture.cpp: 19)] aPointer[1] is2
[DEBUG (Texture.cpp: 20)] aPointer[2] is0
[DEBUG (Texture.cpp: 21)] aPointer[3] is0
[DEBUG (Texture.cpp: 18)] aPointer[0] is56
[DEBUG (Texture.cpp: 19)] aPointer[1] is4
[DEBUG (Texture.cpp: 20)] aPointer[2] is4
[DEBUG (Texture.cpp: 21)] aPointer[3] is0
[INFO (Texture.cpp: 35)] Loading bmp file:src/tex2.bmp
[DEBUG (Texture.cpp: 36)] width is 512, height is 512, filesize is 263224
[DEBUG (Texture.cpp: 18)] aPointer[0] is0
[DEBUG (Texture.cpp: 19)] aPointer[1] is0
[DEBUG (Texture.cpp: 20)] aPointer[2] is0
[DEBUG (Texture.cpp: 21)] aPointer[3] is0
Logging initialized.
[DEBUG (Texture.cpp: 18)] aPointer[0] is0
[DEBUG (Texture.cpp: 19)] aPointer[1] is2
[DEBUG (Texture.cpp: 20)] aPointer[2] is0
[DEBUG (Texture.cpp: 21)] aPointer[3] is0
[DEBUG (Texture.cpp: 18)] aPointer[0] is0
[DEBUG (Texture.cpp: 19)] aPointer[1] is2
[DEBUG (Texture.cpp: 20)] aPointer[2] is0
[DEBUG (Texture.cpp: 21)] aPointer[3] is0
[DEBUG (Texture.cpp: 18)] aPointer[0] is56
[DEBUG (Texture.cpp: 19)] aPointer[1] is4
[DEBUG (Texture.cpp: 20)] aPointer[2] is4
[DEBUG (Texture.cpp: 21)] aPointer[3] is0
[INFO (Texture.cpp: 35)] Loading bmp file:src/tex2.bmp
[DEBUG (Texture.cpp: 36)] width is 512, height is 512, filesize is 263224
[DEBUG (Texture.cpp: 18)] aPointer[0] is0
[DEBUG (Texture.cpp: 19)] aPointer[1] is0
[DEBUG (Texture.cpp: 20)] aPointer[2] is0
[DEBUG (Texture.cpp: 21)] aPointer[3] is0
Logging initialized.
[DEBUG (Texture.cpp: 18)] aPointer[0] is0
[DEBUG (Texture.cpp: 19)] aPointer[1] is2
[DEBUG (Texture.cpp: 20)] aPointer[2] is0
[DEBUG (Texture.cpp: 21)] aPointer[3] is0
[DEBUG (Texture.cpp: 18)] aPointer[0] is0
[DEBUG (Texture.cpp: 19)] aPointer[1] is2
[DEBUG (Texture.cpp: 20)] aPointer[2] is0
[DEBUG (Texture.cpp: 21)] aPointer[3] is0
[DEBUG (Texture.cpp: 18)] aPointer[0] is56
[DEBUG (Texture.cpp: 19)] aPointer[1] is4
[DEBUG (Texture.cpp: 20)] aPointer[2] is4
[DEBUG (Texture.cpp: 21)] aPointer[3] is0
[INFO (Texture.cpp: 35)] Loading bmp file:src/tex2.bmp
[DEBUG (Texture.cpp: 36)] width is 512, height is 512, filesize is 263224
[DEBUG (Texture.cpp: 18)] aPointer[0] is0
[DEBUG (Texture.cpp: 19)] aPointer[1] is0
[DEBUG (Texture.cpp: 20)] aPointer[2] is0
[DEBUG (Texture.cpp: 21)] aPointer[3] is0
Logging initialized.
[DEBUG (Texture.cpp: 18)] aPointer[0] is0
[DEBUG (Texture.cpp: 19)] aPointer[1] is2
[DEBUG (Texture.cpp: 20)] aPointer[2] is0
[DEBUG (Texture.cpp: 21)] aPointer[3] is0
[DEBUG (Texture.cpp: 18)] aPointer[0] is0
[DEBUG (Texture.cpp: 19)] aPointer[1] is2
[DEBUG (Texture.cpp: 20)] aPointer[2] is0
[DEBUG (Texture.cpp: 21)] aPointer[3] is0
[DEBUG (Texture.cpp: 18)] aPointer[0] is56
[DEBUG (Texture.cpp: 19)] aPointer[1] is4
[DEBUG (Texture.cpp: 20)] aPointer[2] is4
[DEBUG (Texture.cpp: 21)] aPointer[3] is0
[INFO (Texture.cpp: 35)] Loading bmp file:src/tex2.bmp
[DEBUG (Texture.cpp: 36)] width is 512, height is 512, filesize is 263224
[DEBUG (Texture.cpp: 18)] aPointer[0] is0
[DEBUG (Texture.cpp: 19)] aPointer[1] is0
[DEBUG (Texture.cpp: 20)] aPointer[2] is0
[DEBUG (Texture.cpp: 21)] aPointer[3] is0
Logging initialized.
[DEBUG (Texture.cpp: 18)] aPointer[0] is0
[DEBUG (Texture.cpp: 19)] aPointer[1] is2
[DEBUG (Texture.cpp: 20)] aPointer[2] is0
[DEBUG (Texture.cpp: 21)] aPointer[3] is0
[DEBUG (Texture.cpp: 18)] aPointer[0] is0
[DEBUG (Texture.cpp: 19)] aPointer[1] is2
[DEBUG (Texture.cpp: 20)] aPointer[2] is0
[DEBUG (Texture.cpp: 21)] aPointer[3] is0
[DEBUG (Texture.cpp: 18)] aPointer[0] is56
[DEBUG (Texture.cpp: 19)] aPointer[1] is4
[DEBUG (Texture.cpp: 20)] aPointer[2] is4
[DEBUG (Texture.cpp: 21)] aPointer[3] is0
[INFO (Texture.cpp: 35)] Loading bmp file:src/tex2.bmp
[DEBUG (Texture.cpp: 36)] width is 512, height is 512, filesize is 263224
[DEBUG (Texture.cpp: 18)] aPointer[0] is0
[DEBUG (Texture.cpp: 19)] aPointer[1] is0
[DEBUG (Texture.cpp: 20)] aPointer[2] is0
[DEBUG (Texture.cpp: 21)] aPointer[3] is0
Logging initialized.
[DEBUG (Texture.cpp: 18)] aPointer[0] is0
[DEBUG (Texture.cpp: 19)] aPointer[1] is2
[DEBUG (Texture.cpp: 20)] aPointer[2] is0
[DEBUG (Texture.cpp: 21)] aPointer[3] is0
[DEBUG (Texture.cpp: 18)] aPointer[0] is0
[DEBUG (Texture.cpp: 19)] aPointer[1] is2
[DEBUG (Texture.cpp: 20)] aPointer[2] is0
[DEBUG (Texture.cpp: 21)] aPointer[3] is0
[DEBUG (Texture.cpp: 18)] aPointer[0] is56
[DEBUG (Texture.cpp: 19)] aPointer[1] is4
[DEBUG (Texture.cpp: 20)] aPointer[2] is4
[DEBUG (Texture.cpp: 21)] aPointer[3] is0
[INFO (Texture.cpp: 35)] Loading bmp file:src/tex2.bmp
[DEBUG (Texture.cpp: 36)] width is 512, height is 512, filesize is 263224
[DEBUG (Texture.cpp: 18)] aPointer[0] is0
[DEBUG (Texture.cpp: 19)] aPointer[1] is0
[DEBUG (Texture.cpp: 20)] aPointer[2] is0
[DEBUG (Texture.cpp: 21)] aPointer[3] is0
Logging initialized.
[DEBUG (Texture.cpp: 18)] aPointer[0] is0
[DEBUG (Texture.cpp: 19)] aPointer[1] is2
[DEBUG (Texture.cpp: 20)] aPointer[2] is0
[DEBUG (Texture.cpp: 21)] aPointer[3] is0
[DEBUG (Texture.cpp: 18)] aPointer[0] is0
[DEBUG (Texture.cpp: 19)] aPointer[1] is2
[DEBUG (Texture.cpp: 20)] aPointer[2] is0
[DEBUG (Texture.cpp: 21)] aPointer[3] is0
[DEBUG (Texture.cpp: 18)] aPointer[0] is56
[DEBUG (Texture.cpp: 19)] aPointer[1] is4
[DEBUG (Texture.cpp: 20)] aPointer[2] is4
[DEBUG (Texture.cpp: 21)] aPointer[3] is0
[INFO (Texture.cpp: 35)] Loading bmp file:src/tex2.bmp
[DEBUG (Texture.cpp: 36)] width is 512, height is 512, filesize is 263224
[DEBUG (Texture.cpp: 18)] aPointer[0] is0
[DEBUG (Texture.cpp: 19)] aPointer[1] is0
[DEBUG (Texture.cpp: 20)] aPointer[2] is0
[DEBUG (Texture.cpp: 21)] aPointer[3] is0
Logging initialized.
[DEBUG (Texture.cpp: 18)] aPointer[0] is0
[DEBUG (Texture.cpp: 19)] aPointer[1] is2
[DEBUG (Texture.cpp: 20)] aPointer[2] is0
[DEBUG (Texture.cpp: 21)] aPointer[3] is0
[DEBUG (Texture.cpp: 18)] aPointer[0] is0
[DEBUG (Texture.cpp: 19)] aPointer[1] is2
[DEBUG (Texture.cpp: 20)] aPointer[2] is0
[DEBUG (Texture.cpp: 21)] aPointer[3] is0
[DEBUG (Texture.cpp: 18)] aPointer[0] is56
[DEBUG (Texture.cpp: 19)] aPointer[1] is4
[DEBUG (Texture.cpp: 20)] aPointer[2] is4
[DEBUG (Texture.cpp: 21)] aPointer[3] is0
[INFO (Texture.cpp: 35)] Loading bmp file:src/tex2.bmp
[DEBUG (Texture.cpp: 36)] width is 512, height is 512, filesize is 263224
[DEBUG (Texture.cpp: 18)] aPointer[0] is0
[DEBUG (Texture.cpp: 19)] aPointer[1] is0
[DEBUG (Texture.cpp: 20)] aPointer[2] is0
[DEBUG (Texture.cpp: 21)] aPointer[3] is0
Logging initialized.
[DEBUG (Texture.cpp: 18)] aPointer[0] is0
[DEBUG (Texture.cpp: 19)] aPointer[1] is2
[DEBUG (Texture.cpp: 20)] aPointer[2] is0
[DEBUG (Texture.cpp: 21)] aPointer[3] is0
[DEBUG (Texture.cpp: 18)] aPointer[0] is0
[DEBUG (Texture.cpp: 19)] aPointer[1] is2
[DEBUG (Texture.cpp: 20)] aPointer[2] is0
[DEBUG (Texture.cpp: 21)] aPointer[3] is0
[DEBUG (Texture.cpp: 18)] aPointer[0] is56
[DEBUG (Texture.cpp: 19)] aPointer[1] is4
[DEBUG (Texture.cpp: 20)] aPointer[2] is4
[DEBUG (Texture.cpp: 21)] aPointer[3] is0
[INFO (Texture.cpp: 35)] Loading bmp file:src/tex2.bmp
[DEBUG (Texture.cpp: 36)] width is 512, height is 512, filesize is 263224
[DEBUG (Texture.cpp: 18)] aPointer[0] is0
[DEBUG (Texture.cpp: 19)] aPointer[1] is0
[DEBUG (Texture.cpp: 20)] aPointer[2] is0
[DEBUG (Texture.cpp: 21)] aPointer[3] is0
Logging initialized.
[DEBUG (Texture.cpp: 18)] aPointer[0] is0
[DEBUG (Texture.cpp: 19)] aPointer[1] is2
[DEBUG (Texture.cpp: 20)] aPointer[2] is0
[DEBUG (Texture.cpp: 21)] aPointer[3] is0
[DEBUG (Texture.cpp: 18)] aPointer[0] is0
[DEBUG (Texture.cpp: 19)] aPointer[1] is2
[DEBUG (Texture.cpp: 20)] aPointer[2] is0
[DEBUG (Texture.cpp: 21)] aPointer[3] is0
[DEBUG (Texture.cpp: 18)] aPointer[0] is56
[DEBUG (Texture.cpp: 19)] aPointer[1] is4
[DEBUG (Texture.cpp: 20)] aPointer[2] is4
[DEBUG (Texture.cpp: 21)] aPointer[3] is0
[INFO (Texture.cpp: 35)] Loading bmp file:src/tex2.bmp
[DEBUG (Texture.cpp: 36)] width is 512, height is 512, filesize is 263224
[DEBUG (Texture.cpp: 18)] aPointer[0] is0
[DEBUG (Texture.cpp: 19)] aPointer[1] is0
[DEBUG (Texture.cpp: 20)] aPointer[2] is0
[DEBUG (Texture.cpp: 21)] aPointer[3] is0
Logging initialized.
[DEBUG (Texture.cpp: 18)] aPointer[0] is0
[DEBUG (Texture.cpp: 19)] aPointer[1] is2
[DEBUG (Texture.cpp: 20)] aPointer[2] is0
[DEBUG (Texture.cpp: 21)] aPointer[3] is0
[DEBUG (Texture.cpp: 18)] aPointer[0] is0
[DEBUG (Texture.cpp: 19)] aPointer[1] is2
[DEBUG (Texture.cpp: 20)] aPointer[2] is0
[DEBUG (Texture.cpp: 21)] aPointer[3] is0
[DEBUG (Texture.cpp: 18)] aPointer[0] is56
[DEBUG (Texture.cpp: 19)] aPointer[1] is4
[DEBUG (Texture.cpp: 20)] aPointer[2] is4
[DEBUG (Texture.cpp: 21)] aPointer[3] is0
[INFO (Texture.cpp: 35)] Loading bmp file:src/tex2.bmp
[DEBUG (Texture.cpp: 36)] width is 512, height is 512, filesize is 263224
[DEBUG (Texture.cpp: 18)] aPointer[0] is0
[DEBUG (Texture.cpp: 19)] aPointer[1] is0
[DEBUG (Texture.cpp: 20)] aPointer[2] is0
[DEBUG (Texture.cpp: 21)] aPointer[3] is0
Logging initialized.
[DEBUG (Texture.cpp: 18)] aPointer[0] is0
[DEBUG (Texture.cpp: 19)] aPointer[1] is2
[DEBUG (Texture.cpp: 20)] aPointer[2] is0
[DEBUG (Texture.cpp: 21)] aPointer[3] is0
[DEBUG (Texture.cpp: 18)] aPointer[0] is0
[DEBUG (Texture.cpp: 19)] aPointer[1] is2
[DEBUG (Texture.cpp: 20)] aPointer[2] is0
[DEBUG (Texture.cpp: 21)] aPointer[3] is0
[DEBUG (Texture.cpp: 18)] aPointer[0] is56
[DEBUG (Texture.cpp: 19)] aPointer[1] is4
[DEBUG (Texture.cpp: 20)] aPointer[2] is4
[DEBUG (Texture.cpp: 21)] aPointer[3] is0
[INFO (Texture.cpp: 35)] Loading bmp file:src/tex2.bmp
[DEBUG (Texture.cpp: 36)] width is 512, height is 512, filesize is 263224
[DEBUG (Texture.cpp: 18)] aPointer[0] is0
[DEBUG (Texture.cpp: 19)] aPointer[1] is0
[DEBUG (Texture.cpp: 20)] aPointer[2] is0
[DEBUG (Texture.cpp: 21)] aPointer[3] is0
Logging initialized.
[DEBUG (Texture.cpp: 18)] aPointer[0] is0
[DEBUG (Texture.cpp: 19)] aPointer[1] is2
[DEBUG (Texture.cpp: 20)] aPointer[2] is0
[DEBUG (Texture.cpp: 21)] aPointer[3] is0
[DEBUG (Texture.cpp: 18)] aPointer[0] is0
[DEBUG (Texture.cpp: 19)] aPointer[1] is2
[DEBUG (Texture.cpp: 20)] aPointer[2] is0
[DEBUG (Texture.cpp: 21)] aPointer[3] is0
[DEBUG (Texture.cpp: 18)] aPointer[0] is56
[DEBUG (Texture.cpp: 19)] aPointer[1] is4
[DEBUG (Texture.cpp: 20)] aPointer[2] is4
[DEBUG (Texture.cpp: 21)] aPointer[3] is0
[INFO (Texture.cpp: 35)] Loading bmp file:src/tex2.bmp
[DEBUG (Texture.cpp: 36)] width is 512, height is 512, filesize is 263224
[DEBUG (Texture.cpp: 18)] aPointer[0] is0
[DEBUG (Texture.cpp: 19)] aPointer[1] is0
[DEBUG (Texture.cpp: 20)] aPointer[2] is0
[DEBUG (Texture.cpp: 21)] aPointer[3] is0
Logging initialized.
[DEBUG (Texture.cpp: 18)] aPointer[0] is0
[DEBUG (Texture.cpp: 19)] aPointer[1] is2
[DEBUG (Texture.cpp: 20)] aPointer[2] is0
[DEBUG (Texture.cpp: 21)] aPointer[3] is0
[DEBUG (Texture.cpp: 18)] aPointer[0] is0
[DEBUG (Texture.cpp: 19)] aPointer[1] is2
[DEBUG (Texture.cpp: 20)] aPointer[2] is0
[DEBUG (Texture.cpp: 21)] aPointer[3] is0
[DEBUG (Texture.cpp: 18)] aPointer[0] is56
[DEBUG (Texture.cpp: 19)] aPointer[1] is4
[DEBUG (Texture.cpp: 20)] aPointer[2] is4
[DEBUG (Texture.cpp: 21)] aPointer[3] is0
[INFO (Texture.cpp: 35)] Loading bmp file:src/tex2.bmp
[DEBUG (Texture.cpp: 36)] width is 512, height is 512, filesize is 263224
[DEBUG (Texture.cpp: 18)] aPointer[0] is0
[DEBUG (Texture.cpp: 19)] aPointer[1] is0
[DEBUG (Texture.cpp: 20)] aPointer[2] is0
[DEBUG (Texture.cpp: 21)] aPointer[3] is0
Logging initialized.
[DEBUG (Texture.cpp: 18)] aPointer[0] is0
[DEBUG (Texture.cpp: 19)] aPointer[1] is2
[DEBUG (Texture.cpp: 20)] aPointer[2] is0
[DEBUG (Texture.cpp: 21)] aPointer[3] is0
[DEBUG (Texture.cpp: 18)] aPointer[0] is0
[DEBUG (Texture.cpp: 19)] aPointer[1] is2
[DEBUG (Texture.cpp: 20)] aPointer[2] is0
[DEBUG (Texture.cpp: 21)] aPointer[3] is0
[DEBUG (Texture.cpp: 18)] aPointer[0] is56
[DEBUG (Texture.cpp: 19)] aPointer[1] is4
[DEBUG (Texture.cpp: 20)] aPointer[2] is4
[DEBUG (Texture.cpp: 21)] aPointer[3] is0
[INFO (Texture.cpp: 35)] Loading bmp file:src/tex2.bmp
[DEBUG (Texture.cpp: 36)] width is 512, height is 512, filesize is 263224
[DEBUG (Texture.cpp: 18)] aPointer[0] is0
[DEBUG (Texture.cpp: 19)] aPointer[1] is0
[DEBUG (Texture.cpp: 20)] aPointer[2] is0
[DEBUG (Texture.cpp: 21)] aPointer[3] is0
Logging initialized.
[DEBUG (Texture.cpp: 18)] aPointer[0] is0
[DEBUG (Texture.cpp: 19)] aPointer[1] is2
[DEBUG (Texture.cpp: 20)] aPointer[2] is0
[DEBUG (Texture.cpp: 21)] aPointer[3] is0
[DEBUG (Texture.cpp: 18)] aPointer[0] is0
[DEBUG (Texture.cpp: 19)] aPointer[1] is2
[DEBUG (Texture.cpp: 20)] aPointer[2] is0
[DEBUG (Texture.cpp: 21)] aPointer[3] is0
[DEBUG (Texture.cpp: 18)] aPointer[0] is56
[DEBUG (Texture.cpp: 19)] aPointer[1] is4
[DEBUG (Texture.cpp: 20)] aPointer[2] is4
[DEBUG (Texture.cpp: 21)] aPointer[3] is0
[INFO (Texture.cpp: 35)] Loading bmp file:src/tex2.bmp
[DEBUG (Texture.cpp: 36)] width is 512, height is 512, filesize is 263224
[DEBUG (Texture.cpp: 18)] aPointer[0] is0
[DEBUG (Texture.cpp: 19)] aPointer[1] is0
[DEBUG (Texture.cpp: 20)] aPointer[2] is0
[DEBUG (Texture.cpp: 21)] aPointer[3] is0
Logging initialized.
[DEBUG (Texture.cpp: 18)] aPointer[0] is0
[DEBUG (Texture.cpp: 19)] aPointer[1] is2
[DEBUG (Texture.cpp: 20)] aPointer[2] is0
[DEBUG (Texture.cpp: 21)] aPointer[3] is0
[DEBUG (Texture.cpp: 18)] aPointer[0] is0
[DEBUG (Texture.cpp: 19)] aPointer[1] is2
[DEBUG (Texture.cpp: 20)] aPointer[2] is0
[DEBUG (Texture.cpp: 21)] aPointer[3] is0
[DEBUG (Texture.cpp: 18)] aPointer[0] is56
[DEBUG (Texture.cpp: 19)] aPointer[1] is4
[DEBUG (Texture.cpp: 20)] aPointer[2] is4
[DEBUG (Texture.cpp: 21)] aPointer[3] is0
[INFO (Texture.cpp: 35)] Loading bmp file:src/tex2.bmp
[DEBUG (Texture.cpp: 36)] width is 512, height is 512, filesize is 263224
[DEBUG (Texture.cpp: 18)] aPointer[0] is0
[DEBUG (Texture.cpp: 19)] aPointer[1] is0
[DEBUG (Texture.cpp: 20)] aPointer[2] is0
[DEBUG (Texture.cpp: 21)] aPointer[3] is0
Logging initialized.
[DEBUG (Texture.cpp: 18)] aPointer[0] is0
[DEBUG (Texture.cpp: 19)] aPointer[1] is2
[DEBUG (Texture.cpp: 20)] aPointer[2] is0
[DEBUG (Texture.cpp: 21)] aPointer[3] is0
[DEBUG (Texture.cpp: 18)] aPointer[0] is0
[DEBUG (Texture.cpp: 19)] aPointer[1] is2
[DEBUG (Texture.cpp: 20)] aPointer[2] is0
[DEBUG (Texture.cpp: 21)] aPointer[3] is0
[DEBUG (Texture.cpp: 18)] aPointer[0] is56
[DEBUG (Texture.cpp: 19)] aPointer[1] is4
[DEBUG (Texture.cpp: 20)] aPointer[2] is4
[DEBUG (Texture.cpp: 21)] aPointer[3] is0
[INFO (Texture.cpp: 35)] Loading bmp file:src/tex2.bmp
[DEBUG (Texture.cpp: 36)] width is 512, height is 512, filesize is 263224
[DEBUG (Texture.cpp: 18)] aPointer[0] is0
[DEBUG (Texture.cpp: 19)] aPointer[1] is0
[DEBUG (Texture.cpp: 20)] aPointer[2] is0
[DEBUG (Texture.cpp: 21)] aPointer[3] is0
Logging initialized.
Logging initialized.
Logging initialized.
Logging initialized.
[DEBUG (Texture.cpp: 18)] aPointer[0] is0
[DEBUG (Texture.cpp: 19)] aPointer[1] is2
[DEBUG (Texture.cpp: 20)] aPointer[2] is0
[DEBUG (Texture.cpp: 21)] aPointer[3] is0
[DEBUG (Texture.cpp: 18)] aPointer[0] is0
[DEBUG (Texture.cpp: 19)] aPointer[1] is2
[DEBUG (Texture.cpp: 20)] aPointer[2] is0
[DEBUG (Texture.cpp: 21)] aPointer[3] is0
[DEBUG (Texture.cpp: 18)] aPointer[0] is56
[DEBUG (Texture.cpp: 19)] aPointer[1] is4
[DEBUG (Texture.cpp: 20)] aPointer[2] is4
[DEBUG (Texture.cpp: 21)] aPointer[3] is0
[INFO (Texture.cpp: 35)] Loading bmp file:src/tex2.bmp
[DEBUG (Texture.cpp: 36)] width is 512, height is 512, filesize is 263224
[DEBUG (Texture.cpp: 18)] aPointer[0] is0
[DEBUG (Texture.cpp: 19)] aPointer[1] is0
[DEBUG (Texture.cpp: 20)] aPointer[2] is0
[DEBUG (Texture.cpp: 21)] aPointer[3] is0
Logging initialized.
[DEBUG (Texture.cpp: 18)] aPointer[0] is0
[DEBUG (Texture.cpp: 19)] aPointer[1] is2
[DEBUG (Texture.cpp: 20)] aPointer[2] is0
[DEBUG (Texture.cpp: 21)] aPointer[3] is0
[DEBUG (Texture.cpp: 18)] aPointer[0] is0
[DEBUG (Texture.cpp: 19)] aPointer[1] is2
[DEBUG (Texture.cpp: 20)] aPointer[2] is0
[DEBUG (Texture.cpp: 21)] aPointer[3] is0
[DEBUG (Texture.cpp: 18)] aPointer[0] is56
[DEBUG (Texture.cpp: 19)] aPointer[1] is4
[DEBUG (Texture.cpp: 20)] aPointer[2] is4
[DEBUG (Texture.cpp: 21)] aPointer[3] is0
[INFO (Texture.cpp: 35)] Loading bmp file:src/tex2.bmp
[DEBUG (Texture.cpp: 36)] width is 512, height is 512, filesize is 263224
[DEBUG (Texture.cpp: 18)] aPointer[0] is0
[DEBUG (Texture.cpp: 19)] aPointer[1] is0
[DEBUG (Texture.cpp: 20)] aPointer[2] is0
[DEBUG (Texture.cpp: 21)] aPointer[3] is0
Logging initialized.
[DEBUG (Texture.cpp: 18)] aPointer[0] is0
[DEBUG (Texture.cpp: 19)] aPointer[1] is2
[DEBUG (Texture.cpp: 20)] aPointer[2] is0
[DEBUG (Texture.cpp: 21)] aPointer[3] is0
[DEBUG (Texture.cpp: 18)] aPointer[0] is0
[DEBUG (Texture.cpp: 19)] aPointer[1] is2
[DEBUG (Texture.cpp: 20)] aPointer[2] is0
[DEBUG (Texture.cpp: 21)] aPointer[3] is0
[DEBUG (Texture.cpp: 18)] aPointer[0] is56
[DEBUG (Texture.cpp: 19)] aPointer[1] is4
[DEBUG (Texture.cpp: 20)] aPointer[2] is4
[DEBUG (Texture.cpp: 21)] aPointer[3] is0
[INFO (Texture.cpp: 35)] Loading bmp file:src/tex2.bmp
[DEBUG (Texture.cpp: 36)] width is 512, height is 512, filesize is 263224
[DEBUG (Texture.cpp: 18)] aPointer[0] is0
[DEBUG (Texture.cpp: 19)] aPointer[1] is0
[DEBUG (Texture.cpp: 20)] aPointer[2] is0
[DEBUG (Texture.cpp: 21)] aPointer[3] is0
Logging initialized.
[DEBUG (Texture.cpp: 18)] aPointer[0] is0
[DEBUG (Texture.cpp: 19)] aPointer[1] is2
[DEBUG (Texture.cpp: 20)] aPointer[2] is0
[DEBUG (Texture.cpp: 21)] aPointer[3] is0
[DEBUG (Texture.cpp: 18)] aPointer[0] is0
[DEBUG (Texture.cpp: 19)] aPointer[1] is2
[DEBUG (Texture.cpp: 20)] aPointer[2] is0
[DEBUG (Texture.cpp: 21)] aPointer[3] is0
[DEBUG (Texture.cpp: 18)] aPointer[0] is56
[DEBUG (Texture.cpp: 19)] aPointer[1] is4
[DEBUG (Texture.cpp: 20)] aPointer[2] is4
[DEBUG (Texture.cpp: 21)] aPointer[3] is0
[INFO (Texture.cpp: 35)] Loading bmp file:src/tex2.bmp
[DEBUG (Texture.cpp: 36)] width is 512, height is 512, filesize is 263224
[DEBUG (Texture.cpp: 18)] aPointer[0] is0
[DEBUG (Texture.cpp: 19)] aPointer[1] is0
[DEBUG (Texture.cpp: 20)] aPointer[2] is0
[DEBUG (Texture.cpp: 21)] aPointer[3] is0
Logging initialized.
Logging initialized.
Logging initialized.
Logging initialized.
[DEBUG (Texture.cpp: 18)] aPointer[0] is0
[DEBUG (Texture.cpp: 19)] aPointer[1] is2
[DEBUG (Texture.cpp: 20)] aPointer[2] is0
[DEBUG (Texture.cpp: 21)] aPointer[3] is0
[DEBUG (Texture.cpp: 18)] aPointer[0] is0
[DEBUG (Texture.cpp: 19)] aPointer[1] is2
[DEBUG (Texture.cpp: 20)] aPointer[2] is0
[DEBUG (Texture.cpp: 21)] aPointer[3] is0
[DEBUG (Texture.cpp: 18)] aPointer[0] is56
[DEBUG (Texture.cpp: 19)] aPointer[1] is4
[DEBUG (Texture.cpp: 20)] aPointer[2] is4
[DEBUG (Texture.cpp: 21)] aPointer[3] is0
[INFO (Texture.cpp: 35)] Loading bmp file:src/tex2.bmp
[DEBUG (Texture.cpp: 36)] width is 512, height is 512, filesize is 263224
[DEBUG (Texture.cpp: 18)] aPointer[0] is0
[DEBUG (Texture.cpp: 19)] aPointer[1] is0
[DEBUG (Texture.cpp: 20)] aPointer[2] is0
[DEBUG (Texture.cpp: 21)] aPointer[3] is0
Logging initialized.
[DEBUG (Texture.cpp: 18)] aPointer[0] is0
[DEBUG (Texture.cpp: 19)] aPointer[1] is2
[DEBUG (Texture.cpp: 20)] aPointer[2] is0
[DEBUG (Texture.cpp: 21)] aPointer[3] is0
[DEBUG (Texture.cpp: 18)] aPointer[0] is0
[DEBUG (Texture.cpp: 19)] aPointer[1] is2
[DEBUG (Texture.cpp: 20)] aPointer[2] is0
[DEBUG (Texture.cpp: 21)] aPointer[3] is0
[DEBUG (Texture.cpp: 18)] aPointer[0] is56
[DEBUG (Texture.cpp: 19)] aPointer[1] is4
[DEBUG (Texture.cpp: 20)] aPointer[2] is4
[DEBUG (Texture.cpp: 21)] aPointer[3] is0
[INFO (Texture.cpp: 35)] Loading bmp file:src/tex2.bmp
[DEBUG (Texture.cpp: 36)] width is 512, height is 512, filesize is 263224
[DEBUG (Texture.cpp: 18)] aPointer[0] is0
[DEBUG (Texture.cpp: 19)] aPointer[1] is0
[DEBUG (Texture.cpp: 20)] aPointer[2] is0
[DEBUG (Texture.cpp: 21)] aPointer[3] is0
Logging initialized.
Logging initialized.
Logging initialized.
[DEBUG (Texture.cpp: 14)] aPointer[0] is0
[DEBUG (Texture.cpp: 15)] aPointer[1] is2
[DEBUG (Texture.cpp: 16)] aPointer[2] is0
[DEBUG (Texture.cpp: 17)] aPointer[3] is0
[DEBUG (Texture.cpp: 14)] aPointer[0] is0
[DEBUG (Texture.cpp: 15)] aPointer[1] is2
[DEBUG (Texture.cpp: 16)] aPointer[2] is0
[DEBUG (Texture.cpp: 17)] aPointer[3] is0
[DEBUG (Texture.cpp: 14)] aPointer[0] is56
[DEBUG (Texture.cpp: 15)] aPointer[1] is4
[DEBUG (Texture.cpp: 16)] aPointer[2] is4
[DEBUG (Texture.cpp: 17)] aPointer[3] is0
[INFO (Texture.cpp: 31)] Loading bmp file:src/tex2.bmp
[DEBUG (Texture.cpp: 32)] width is 512, height is 512, filesize is 263224
[DEBUG (Texture.cpp: 14)] aPointer[0] is0
[DEBUG (Texture.cpp: 15)] aPointer[1] is0
[DEBUG (Texture.cpp: 16)] aPointer[2] is0
[DEBUG (Texture.cpp: 17)] aPointer[3] is0
Logging initialized.
[DEBUG (Texture.cpp: 14)] aPointer[0] is0
[DEBUG (Texture.cpp: 15)] aPointer[1] is2
[DEBUG (Texture.cpp: 16)] aPointer[2] is0
[DEBUG (Texture.cpp: 17)] aPointer[3] is0
[DEBUG (Texture.cpp: 14)] aPointer[0] is0
[DEBUG (Texture.cpp: 15)] aPointer[1] is2
[DEBUG (Texture.cpp: 16)] aPointer[2] is0
[DEBUG (Texture.cpp: 17)] aPointer[3] is0
[DEBUG (Texture.cpp: 14)] aPointer[0] is56
[DEBUG (Texture.cpp: 15)] aPointer[1] is4
[DEBUG (Texture.cpp: 16)] aPointer[2] is4
[DEBUG (Texture.cpp: 17)] aPointer[3] is0
[INFO (Texture.cpp: 31)] Loading bmp file:src/tex2.bmp
[DEBUG (Texture.cpp: 32)] width is 512, height is 512, filesize is 263224
[DEBUG (Texture.cpp: 14)] aPointer[0] is0
[DEBUG (Texture.cpp: 15)] aPointer[1] is0
[DEBUG (Texture.cpp: 16)] aPointer[2] is0
[DEBUG (Texture.cpp: 17)] aPointer[3] is0
Logging initialized.
[DEBUG (Texture.cpp: 14)] aPointer[0] is0
[DEBUG (Texture.cpp: 15)] aPointer[1] is2
[DEBUG (Texture.cpp: 16)] aPointer[2] is0
[DEBUG (Texture.cpp: 17)] aPointer[3] is0
[DEBUG (Texture.cpp: 14)] aPointer[0] is0
[DEBUG (Texture.cpp: 15)] aPointer[1] is2
[DEBUG (Texture.cpp: 16)] aPointer[2] is0
[DEBUG (Texture.cpp: 17)] aPointer[3] is0
[DEBUG (Texture.cpp: 14)] aPointer[0] is56
[DEBUG (Texture.cpp: 15)] aPointer[1] is4
[DEBUG (Texture.cpp: 16)] aPointer[2] is4
[DEBUG (Texture.cpp: 17)] aPointer[3] is0
[INFO (Texture.cpp: 31)] Loading bmp file:src/tex2.bmp
[DEBUG (Texture.cpp: 32)] width is 512, height is 512, filesize is 263224
[DEBUG (Texture.cpp: 14)] aPointer[0] is0
[DEBUG (Texture.cpp: 15)] aPointer[1] is0
[DEBUG (Texture.cpp: 16)] aPointer[2] is0
[DEBUG (Texture.cpp: 17)] aPointer[3] is0
[INFO (Texture.cpp: 75)] Making RAW texture with filename: src/texture.raw
Logging initialized.
[INFO (Texture.cpp: 75)] Making RAW texture with filename: src/texture.raw
Logging initialized.
[INFO (Texture.cpp: 75)] Making RAW texture with filename: src/texture.raw
Logging initialized.
[INFO (Texture.cpp: 75)] Making RAW texture with filename: src/texture.raw
Logging initialized.
[INFO (Texture.cpp: 75)] Making RAW texture with filename: src/texture.raw
Logging initialized.
[INFO (Texture.cpp: 75)] Making RAW texture with filename: src/texture.raw
Logging initialized.
[DEBUG (Texture.cpp: 14)] aPointer[0] is0
[DEBUG (Texture.cpp: 15)] aPointer[1] is2
[DEBUG (Texture.cpp: 16)] aPointer[2] is0
[DEBUG (Texture.cpp: 17)] aPointer[3] is0
[DEBUG (Texture.cpp: 14)] aPointer[0] is0
[DEBUG (Texture.cpp: 15)] aPointer[1] is2
[DEBUG (Texture.cpp: 16)] aPointer[2] is0
[DEBUG (Texture.cpp: 17)] aPointer[3] is0
[DEBUG (Texture.cpp: 14)] aPointer[0] is56
[DEBUG (Texture.cpp: 15)] aPointer[1] is4
[DEBUG (Texture.cpp: 16)] aPointer[2] is4
[DEBUG (Texture.cpp: 17)] aPointer[3] is0
[INFO (Texture.cpp: 31)] Loading bmp file:src/tex2.bmp
[DEBUG (Texture.cpp: 32)] width is 512, height is 512, filesize is 263224
[DEBUG (Texture.cpp: 14)] aPointer[0] is0
[DEBUG (Texture.cpp: 15)] aPointer[1] is0
[DEBUG (Texture.cpp: 16)] aPointer[2] is0
[DEBUG (Texture.cpp: 17)] aPointer[3] is0
Logging initialized.
[DEBUG (Texture.cpp: 14)] aPointer[0] is0
[DEBUG (Texture.cpp: 15)] aPointer[1] is2
[DEBUG (Texture.cpp: 16)] aPointer[2] is0
[DEBUG (Texture.cpp: 17)] aPointer[3] is0
[DEBUG (Texture.cpp: 14)] aPointer[0] is0
[DEBUG (Texture.cpp: 15)] aPointer[1] is2
[DEBUG (Texture.cpp: 16)] aPointer[2] is0
[DEBUG (Texture.cpp: 17)] aPointer[3] is0
[DEBUG (Texture.cpp: 14)] aPointer[0] is56
[DEBUG (Texture.cpp: 15)] aPointer[1] is4
[DEBUG (Texture.cpp: 16)] aPointer[2] is4
[DEBUG (Texture.cpp: 17)] aPointer[3] is0
[INFO (Texture.cpp: 31)] Loading bmp file:src/tex2.bmp
[DEBUG (Texture.cpp: 32)] width is 512, height is 512, filesize is 263224
[DEBUG (Texture.cpp: 14)] aPointer[0] is0
[DEBUG (Texture.cpp: 15)] aPointer[1] is0
[DEBUG (Texture.cpp: 16)] aPointer[2] is0
[DEBUG (Texture.cpp: 17)] aPointer[3] is0
[INFO (Texture.cpp: 76)] Making RAW texture with filename: src/texture.raw
Logging initialized.
[DEBUG (Texture.cpp: 14)] aPointer[0] is0
[DEBUG (Texture.cpp: 15)] aPointer[1] is2
[DEBUG (Texture.cpp: 16)] aPointer[2] is0
[DEBUG (Texture.cpp: 17)] aPointer[3] is0
[DEBUG (Texture.cpp: 14)] aPointer[0] is0
[DEBUG (Texture.cpp: 15)] aPointer[1] is2
[DEBUG (Texture.cpp: 16)] aPointer[2] is0
[DEBUG (Texture.cpp: 17)] aPointer[3] is0
[DEBUG (Texture.cpp: 14)] aPointer[0] is56
[DEBUG (Texture.cpp: 15)] aPointer[1] is4
[DEBUG (Texture.cpp: 16)] aPointer[2] is4
[DEBUG (Texture.cpp: 17)] aPointer[3] is0
[INFO (Texture.cpp: 31)] Loading bmp file:src/tex2.bmp
[DEBUG (Texture.cpp: 32)] width is 512, height is 512, filesize is 263224
[DEBUG (Texture.cpp: 14)] aPointer[0] is0
[DEBUG (Texture.cpp: 15)] aPointer[1] is0
[DEBUG (Texture.cpp: 16)] aPointer[2] is0
[DEBUG (Texture.cpp: 17)] aPointer[3] is0
[INFO (Texture.cpp: 76)] Making RAW texture with filename: src/texture.raw
Logging initialized.
[DEBUG (Texture.cpp: 14)] aPointer[0] is0
[DEBUG (Texture.cpp: 15)] aPointer[1] is2
[DEBUG (Texture.cpp: 16)] aPointer[2] is0
[DEBUG (Texture.cpp: 17)] aPointer[3] is0
[DEBUG (Texture.cpp: 14)] aPointer[0] is0
[DEBUG (Texture.cpp: 15)] aPointer[1] is2
[DEBUG (Texture.cpp: 16)] aPointer[2] is0
[DEBUG (Texture.cpp: 17)] aPointer[3] is0
[DEBUG (Texture.cpp: 14)] aPointer[0] is56
[DEBUG (Texture.cpp: 15)] aPointer[1] is4
[DEBUG (Texture.cpp: 16)] aPointer[2] is4
[DEBUG (Texture.cpp: 17)] aPointer[3] is0
[INFO (Texture.cpp: 31)] Loading bmp file:src/tex2.bmp
[DEBUG (Texture.cpp: 32)] width is 512, height is 512, filesize is 263224
[DEBUG (Texture.cpp: 14)] aPointer[0] is0
[DEBUG (Texture.cpp: 15)] aPointer[1] is0
[DEBUG (Texture.cpp: 16)] aPointer[2] is0
[DEBUG (Texture.cpp: 17)] aPointer[3] is0
[INFO (Texture.cpp: 98)] Making RAW texture with filename: src/texture.raw
Logging initialized.
[DEBUG (Texture.cpp: 14)] aPointer[0] is0
[DEBUG (Texture.cpp: 15)] aPointer[1] is2
[DEBUG (Texture.cpp: 16)] aPointer[2] is0
[DEBUG (Texture.cpp: 17)] aPointer[3] is0
[DEBUG (Texture.cpp: 14)] aPointer[0] is0
[DEBUG (Texture.cpp: 15)] aPointer[1] is2
[DEBUG (Texture.cpp: 16)] aPointer[2] is0
[DEBUG (Texture.cpp: 17)] aPointer[3] is0
[DEBUG (Texture.cpp: 14)] aPointer[0] is56
[DEBUG (Texture.cpp: 15)] aPointer[1] is4
[DEBUG (Texture.cpp: 16)] aPointer[2] is4
[DEBUG (Texture.cpp: 17)] aPointer[3] is0
[INFO (Texture.cpp: 31)] Loading bmp file:src/tex2.bmp
[DEBUG (Texture.cpp: 32)] width is 512, height is 512, filesize is 263224
[DEBUG (Texture.cpp: 14)] aPointer[0] is0
[DEBUG (Texture.cpp: 15)] aPointer[1] is0
[DEBUG (Texture.cpp: 16)] aPointer[2] is0
[DEBUG (Texture.cpp: 17)] aPointer[3] is0
[INFO (Texture.cpp: 98)] Making RAW texture with filename: src/texture.raw
Logging initialized.
[DEBUG (Texture.cpp: 14)] aPointer[0] is0
[DEBUG (Texture.cpp: 15)] aPointer[1] is2
[DEBUG (Texture.cpp: 16)] aPointer[2] is0
[DEBUG (Texture.cpp: 17)] aPointer[3] is0
[DEBUG (Texture.cpp: 14)] aPointer[0] is0
[DEBUG (Texture.cpp: 15)] aPointer[1] is2
[DEBUG (Texture.cpp: 16)] aPointer[2] is0
[DEBUG (Texture.cpp: 17)] aPointer[3] is0
[DEBUG (Texture.cpp: 14)] aPointer[0] is56
[DEBUG (Texture.cpp: 15)] aPointer[1] is4
[DEBUG (Texture.cpp: 16)] aPointer[2] is4
[DEBUG (Texture.cpp: 17)] aPointer[3] is0
[INFO (Texture.cpp: 31)] Loading bmp file:src/tex2.bmp
[DEBUG (Texture.cpp: 32)] width is 512, height is 512, filesize is 263224
[DEBUG (Texture.cpp: 14)] aPointer[0] is0
[DEBUG (Texture.cpp: 15)] aPointer[1] is0
[DEBUG (Texture.cpp: 16)] aPointer[2] is0
[DEBUG (Texture.cpp: 17)] aPointer[3] is0
[INFO (Texture.cpp: 98)] Making RAW texture with filename: src/texture.raw
Logging initialized.
[DEBUG (Texture.cpp: 14)] aPointer[0] is0
[DEBUG (Texture.cpp: 15)] aPointer[1] is2
[DEBUG (Texture.cpp: 16)] aPointer[2] is0
[DEBUG (Texture.cpp: 17)] aPointer[3] is0
[DEBUG (Texture.cpp: 14)] aPointer[0] is0
[DEBUG (Texture.cpp: 15)] aPointer[1] is2
[DEBUG (Texture.cpp: 16)] aPointer[2] is0
[DEBUG (Texture.cpp: 17)] aPointer[3] is0
[DEBUG (Texture.cpp: 14)] aPointer[0] is56
[DEBUG (Texture.cpp: 15)] aPointer[1] is4
[DEBUG (Texture.cpp: 16)] aPointer[2] is4
[DEBUG (Texture.cpp: 17)] aPointer[3] is0
[INFO (Texture.cpp: 31)] Loading bmp file:src/tex2.bmp
[DEBUG (Texture.cpp: 32)] width is 512, height is 512, filesize is 263224
[DEBUG (Texture.cpp: 14)] aPointer[0] is0
[DEBUG (Texture.cpp: 15)] aPointer[1] is0
[DEBUG (Texture.cpp: 16)] aPointer[2] is0
[DEBUG (Texture.cpp: 17)] aPointer[3] is0
[INFO (Texture.cpp: 97)] Making RAW texture with filename: src/texture.raw
Logging initialized.
[DEBUG (Texture.cpp: 14)] aPointer[0] is0
[DEBUG (Texture.cpp: 15)] aPointer[1] is2
[DEBUG (Texture.cpp: 16)] aPointer[2] is0
[DEBUG (Texture.cpp: 17)] aPointer[3] is0
[DEBUG (Texture.cpp: 14)] aPointer[0] is0
[DEBUG (Texture.cpp: 15)] aPointer[1] is2
[DEBUG (Texture.cpp: 16)] aPointer[2] is0
[DEBUG (Texture.cpp: 17)] aPointer[3] is0
[DEBUG (Texture.cpp: 14)] aPointer[0] is56
[DEBUG (Texture.cpp: 15)] aPointer[1] is4
[DEBUG (Texture.cpp: 16)] aPointer[2] is4
[DEBUG (Texture.cpp: 17)] aPointer[3] is0
[INFO (Texture.cpp: 31)] Loading bmp file:src/tex2.bmp
[DEBUG (Texture.cpp: 32)] width is 512, height is 512, filesize is 263224
[DEBUG (Texture.cpp: 14)] aPointer[0] is0
[DEBUG (Texture.cpp: 15)] aPointer[1] is0
[DEBUG (Texture.cpp: 16)] aPointer[2] is0
[DEBUG (Texture.cpp: 17)] aPointer[3] is0
Logging initialized.
[DEBUG (Texture.cpp: 14)] aPointer[0] is0
[DEBUG (Texture.cpp: 15)] aPointer[1] is2
[DEBUG (Texture.cpp: 16)] aPointer[2] is0
[DEBUG (Texture.cpp: 17)] aPointer[3] is0
[DEBUG (Texture.cpp: 14)] aPointer[0] is0
[DEBUG (Texture.cpp: 15)] aPointer[1] is2
[DEBUG (Texture.cpp: 16)] aPointer[2] is0
[DEBUG (Texture.cpp: 17)] aPointer[3] is0
[DEBUG (Texture.cpp: 14)] aPointer[0] is56
[DEBUG (Texture.cpp: 15)] aPointer[1] is4
[DEBUG (Texture.cpp: 16)] aPointer[2] is4
[DEBUG (Texture.cpp: 17)] aPointer[3] is0
[INFO (Texture.cpp: 31)] Loading bmp file:src/tex2.bmp
[DEBUG (Texture.cpp: 32)] width is 512, height is 512, filesize is 263224
[DEBUG (Texture.cpp: 14)] aPointer[0] is0
[DEBUG (Texture.cpp: 15)] aPointer[1] is0
[DEBUG (Texture.cpp: 16)] aPointer[2] is0
[DEBUG (Texture.cpp: 17)] aPointer[3] is0
Logging initialized.
[DEBUG (Texture.cpp: 14)] aPointer[0] is0
[DEBUG (Texture.cpp: 15)] aPointer[1] is2
[DEBUG (Texture.cpp: 16)] aPointer[2] is0
[DEBUG (Texture.cpp: 17)] aPointer[3] is0
[DEBUG (Texture.cpp: 14)] aPointer[0] is0
[DEBUG (Texture.cpp: 15)] aPointer[1] is2
[DEBUG (Texture.cpp: 16)] aPointer[2] is0
[DEBUG (Texture.cpp: 17)] aPointer[3] is0
[DEBUG (Texture.cpp: 14)] aPointer[0] is56
[DEBUG (Texture.cpp: 15)] aPointer[1] is4
[DEBUG (Texture.cpp: 16)] aPointer[2] is4
[DEBUG (Texture.cpp: 17)] aPointer[3] is0
[INFO (Texture.cpp: 31)] Loading bmp file:src/tex2.bmp
[DEBUG (Texture.cpp: 32)] width is 512, height is 512, filesize is 263224
[DEBUG (Texture.cpp: 14)] aPointer[0] is0
[DEBUG (Texture.cpp: 15)] aPointer[1] is0
[DEBUG (Texture.cpp: 16)] aPointer[2] is0
[DEBUG (Texture.cpp: 17)] aPointer[3] is0
Logging initialized.
[DEBUG (Texture.cpp: 14)] aPointer[0] is0
[DEBUG (Texture.cpp: 15)] aPointer[1] is2
[DEBUG (Texture.cpp: 16)] aPointer[2] is0
[DEBUG (Texture.cpp: 17)] aPointer[3] is0
[DEBUG (Texture.cpp: 14)] aPointer[0] is0
[DEBUG (Texture.cpp: 15)] aPointer[1] is2
[DEBUG (Texture.cpp: 16)] aPointer[2] is0
[DEBUG (Texture.cpp: 17)] aPointer[3] is0
[DEBUG (Texture.cpp: 14)] aPointer[0] is56
[DEBUG (Texture.cpp: 15)] aPointer[1] is4
[DEBUG (Texture.cpp: 16)] aPointer[2] is4
[DEBUG (Texture.cpp: 17)] aPointer[3] is0
[INFO (Texture.cpp: 31)] Loading bmp file:src/tex2.bmp
[DEBUG (Texture.cpp: 32)] width is 512, height is 512, filesize is 263224
[DEBUG (Texture.cpp: 14)] aPointer[0] is0
[DEBUG (Texture.cpp: 15)] aPointer[1] is0
[DEBUG (Texture.cpp: 16)] aPointer[2] is0
[DEBUG (Texture.cpp: 17)] aPointer[3] is0
Logging initialized.
[DEBUG (Texture.cpp: 14)] aPointer[0] is0
[DEBUG (Texture.cpp: 15)] aPointer[1] is2
[DEBUG (Texture.cpp: 16)] aPointer[2] is0
[DEBUG (Texture.cpp: 17)] aPointer[3] is0
[DEBUG (Texture.cpp: 14)] aPointer[0] is0
[DEBUG (Texture.cpp: 15)] aPointer[1] is2
[DEBUG (Texture.cpp: 16)] aPointer[2] is0
[DEBUG (Texture.cpp: 17)] aPointer[3] is0
[DEBUG (Texture.cpp: 14)] aPointer[0] is56
[DEBUG (Texture.cpp: 15)] aPointer[1] is4
[DEBUG (Texture.cpp: 16)] aPointer[2] is4
[DEBUG (Texture.cpp: 17)] aPointer[3] is0
[INFO (Texture.cpp: 31)] Loading bmp file:src/tex2.bmp
[DEBUG (Texture.cpp: 32)] width is 512, height is 512, filesize is 263224
[DEBUG (Texture.cpp: 14)] aPointer[0] is0
[DEBUG (Texture.cpp: 15)] aPointer[1] is0
[DEBUG (Texture.cpp: 16)] aPointer[2] is0
[DEBUG (Texture.cpp: 17)] aPointer[3] is0
Logging initialized.
[DEBUG (Texture.cpp: 14)] aPointer[0] is0
[DEBUG (Texture.cpp: 15)] aPointer[1] is2
[DEBUG (Texture.cpp: 16)] aPointer[2] is0
[DEBUG (Texture.cpp: 17)] aPointer[3] is0
[DEBUG (Texture.cpp: 14)] aPointer[0] is0
[DEBUG (Texture.cpp: 15)] aPointer[1] is2
[DEBUG (Texture.cpp: 16)] aPointer[2] is0
[DEBUG (Texture.cpp: 17)] aPointer[3] is0
[DEBUG (Texture.cpp: 14)] aPointer[0] is56
[DEBUG (Texture.cpp: 15)] aPointer[1] is4
[DEBUG (Texture.cpp: 16)] aPointer[2] is4
[DEBUG (Texture.cpp: 17)] aPointer[3] is0
[INFO (Texture.cpp: 31)] Loading bmp file:src/tex2.bmp
[DEBUG (Texture.cpp: 32)] width is 512, height is 512, filesize is 263224
[DEBUG (Texture.cpp: 14)] aPointer[0] is0
[DEBUG (Texture.cpp: 15)] aPointer[1] is0
[DEBUG (Texture.cpp: 16)] aPointer[2] is0
[DEBUG (Texture.cpp: 17)] aPointer[3] is0
Logging initialized.
[DEBUG (Texture.cpp: 14)] aPointer[0] is0
[DEBUG (Texture.cpp: 15)] aPointer[1] is2
[DEBUG (Texture.cpp: 16)] aPointer[2] is0
[DEBUG (Texture.cpp: 17)] aPointer[3] is0
[DEBUG (Texture.cpp: 14)] aPointer[0] is0
[DEBUG (Texture.cpp: 15)] aPointer[1] is2
[DEBUG (Texture.cpp: 16)] aPointer[2] is0
[DEBUG (Texture.cpp: 17)] aPointer[3] is0
[DEBUG (Texture.cpp: 14)] aPointer[0] is56
[DEBUG (Texture.cpp: 15)] aPointer[1] is4
[DEBUG (Texture.cpp: 16)] aPointer[2] is4
[DEBUG (Texture.cpp: 17)] aPointer[3] is0
[INFO (Texture.cpp: 31)] Loading bmp file:src/tex2.bmp
[DEBUG (Texture.cpp: 32)] width is 512, height is 512, filesize is 263224
[DEBUG (Texture.cpp: 14)] aPointer[0] is0
[DEBUG (Texture.cpp: 15)] aPointer[1] is0
[DEBUG (Texture.cpp: 16)] aPointer[2] is0
[DEBUG (Texture.cpp: 17)] aPointer[3] is0
Logging initialized.
[DEBUG (Texture.cpp: 14)] aPointer[0] is0
[DEBUG (Texture.cpp: 15)] aPointer[1] is2
[DEBUG (Texture.cpp: 16)] aPointer[2] is0
[DEBUG (Texture.cpp: 17)] aPointer[3] is0
[DEBUG (Texture.cpp: 14)] aPointer[0] is0
[DEBUG (Texture.cpp: 15)] aPointer[1] is2
[DEBUG (Texture.cpp: 16)] aPointer[2] is0
[DEBUG (Texture.cpp: 17)] aPointer[3] is0
[DEBUG (Texture.cpp: 14)] aPointer[0] is56
[DEBUG (Texture.cpp: 15)] aPointer[1] is4
[DEBUG (Texture.cpp: 16)] aPointer[2] is4
[DEBUG (Texture.cpp: 17)] aPointer[3] is0
[INFO (Texture.cpp: 31)] Loading bmp file:src/tex2.bmp
[DEBUG (Texture.cpp: 32)] width is 512, height is 512, filesize is 263224
[DEBUG (Texture.cpp: 14)] aPointer[0] is0
[DEBUG (Texture.cpp: 15)] aPointer[1] is0
[DEBUG (Texture.cpp: 16)] aPointer[2] is0
[DEBUG (Texture.cpp: 17)] aPointer[3] is0
Logging initialized.
[DEBUG (Texture.cpp: 14)] aPointer[0] is0
[DEBUG (Texture.cpp: 15)] aPointer[1] is2
[DEBUG (Texture.cpp: 16)] aPointer[2] is0
[DEBUG (Texture.cpp: 17)] aPointer[3] is0
[DEBUG (Texture.cpp: 14)] aPointer[0] is0
[DEBUG (Texture.cpp: 15)] aPointer[1] is2
[DEBUG (Texture.cpp: 16)] aPointer[2] is0
[DEBUG (Texture.cpp: 17)] aPointer[3] is0
[DEBUG (Texture.cpp: 14)] aPointer[0] is56
[DEBUG (Texture.cpp: 15)] aPointer[1] is4
[DEBUG (Texture.cpp: 16)] aPointer[2] is4
[DEBUG (Texture.cpp: 17)] aPointer[3] is0
[INFO (Texture.cpp: 31)] Loading bmp file:src/tex2.bmp
[DEBUG (Texture.cpp: 32)] width is 512, height is 512, filesize is 263224
[DEBUG (Texture.cpp: 14)] aPointer[0] is0
[DEBUG (Texture.cpp: 15)] aPointer[1] is0
[DEBUG (Texture.cpp: 16)] aPointer[2] is0
[DEBUG (Texture.cpp: 17)] aPointer[3] is0
Logging initialized.
[DEBUG (Texture.cpp: 14)] aPointer[0] is0
[DEBUG (Texture.cpp: 15)] aPointer[1] is2
[DEBUG (Texture.cpp: 16)] aPointer[2] is0
[DEBUG (Texture.cpp: 17)] aPointer[3] is0
[DEBUG (Texture.cpp: 14)] aPointer[0] is0
[DEBUG (Texture.cpp: 15)] aPointer[1] is2
[DEBUG (Texture.cpp: 16)] aPointer[2] is0
[DEBUG (Texture.cpp: 17)] aPointer[3] is0
[DEBUG (Texture.cpp: 14)] aPointer[0] is56
[DEBUG (Texture.cpp: 15)] aPointer[1] is4
[DEBUG (Texture.cpp: 16)] aPointer[2] is4
[DEBUG (Texture.cpp: 17)] aPointer[3] is0
[INFO (Texture.cpp: 31)] Loading bmp file:src/tex2.bmp
[DEBUG (Texture.cpp: 32)] width is 512, height is 512, filesize is 263224
[DEBUG (Texture.cpp: 14)] aPointer[0] is0
[DEBUG (Texture.cpp: 15)] aPointer[1] is0
[DEBUG (Texture.cpp: 16)] aPointer[2] is0
[DEBUG (Texture.cpp: 17)] aPointer[3] is0
Logging initialized.
[DEBUG (Texture.cpp: 14)] aPointer[0] is0
[DEBUG (Texture.cpp: 15)] aPointer[1] is2
[DEBUG (Texture.cpp: 16)] aPointer[2] is0
[DEBUG (Texture.cpp: 17)] aPointer[3] is0
[DEBUG (Texture.cpp: 14)] aPointer[0] is0
[DEBUG (Texture.cpp: 15)] aPointer[1] is2
[DEBUG (Texture.cpp: 16)] aPointer[2] is0
[DEBUG (Texture.cpp: 17)] aPointer[3] is0
[DEBUG (Texture.cpp: 14)] aPointer[0] is56
[DEBUG (Texture.cpp: 15)] aPointer[1] is4
[DEBUG (Texture.cpp: 16)] aPointer[2] is4
[DEBUG (Texture.cpp: 17)] aPointer[3] is0
[INFO (Texture.cpp: 31)] Loading bmp file:src/tex2.bmp
[DEBUG (Texture.cpp: 32)] width is 512, height is 512, filesize is 263224
[DEBUG (Texture.cpp: 14)] aPointer[0] is0
[DEBUG (Texture.cpp: 15)] aPointer[1] is0
[DEBUG (Texture.cpp: 16)] aPointer[2] is0
[DEBUG (Texture.cpp: 17)] aPointer[3] is0
Logging initialized.
Logging initialized.
[DEBUG (Texture.cpp: 14)] aPointer[0] is90
[DEBUG (Texture.cpp: 15)] aPointer[1] is101
[DEBUG (Texture.cpp: 16)] aPointer[2] is123
[DEBUG (Texture.cpp: 17)] aPointer[3] is99
[DEBUG (Texture.cpp: 14)] aPointer[0] is101
[DEBUG (Texture.cpp: 15)] aPointer[1] is123
[DEBUG (Texture.cpp: 16)] aPointer[2] is90
[DEBUG (Texture.cpp: 17)] aPointer[3] is97
[DEBUG (Texture.cpp: 14)] aPointer[0] is2
[DEBUG (Texture.cpp: 15)] aPointer[1] is0
[DEBUG (Texture.cpp: 16)] aPointer[2] is0
[DEBUG (Texture.cpp: 17)] aPointer[3] is0
[INFO (Texture.cpp: 31)] Loading bmp file:src/texture.tga
[DEBUG (Texture.cpp: 32)] width is 1669031258, height is 1633319781, filesize is 2
[DEBUG (Texture.cpp: 14)] aPointer[0] is90
[DEBUG (Texture.cpp: 15)] aPointer[1] is93
[DEBUG (Texture.cpp: 16)] aPointer[2] is123
[DEBUG (Texture.cpp: 17)] aPointer[3] is90
[WARNING (Texture.cpp: 40)] BMP file format is not RGB.  Only RGB BMPs are supported.
Logging initialized.
[DEBUG (Texture.cpp: 14)] aPointer[0] is0
[DEBUG (Texture.cpp: 15)] aPointer[1] is2
[DEBUG (Texture.cpp: 16)] aPointer[2] is0
[DEBUG (Texture.cpp: 17)] aPointer[3] is0
[DEBUG (Texture.cpp: 14)] aPointer[0] is0
[DEBUG (Texture.cpp: 15)] aPointer[1] is2
[DEBUG (Texture.cpp: 16)] aPointer[2] is0
[DEBUG (Texture.cpp: 17)] aPointer[3] is0
[DEBUG (Texture.cpp: 14)] aPointer[0] is54
[DEBUG (Texture.cpp: 15)] aPointer[1] is4
[DEBUG (Texture.cpp: 16)] aPointer[2] is4
[DEBUG (Texture.cpp: 17)] aPointer[3] is0
[INFO (Texture.cpp: 31)] Loading bmp file:src/greyscale.bmp
[DEBUG (Texture.cpp: 32)] width is 512, height is 512, filesize is 263222
[DEBUG (Texture.cpp: 14)] aPointer[0] is0
[DEBUG (Texture.cpp: 15)] aPointer[1] is0
[DEBUG (Texture.cpp: 16)] aPointer[2] is0
[DEBUG (Texture.cpp: 17)] aPointer[3] is0
Logging initialized.
[DEBUG (Texture.cpp: 14)] aPointer[0] is64
[DEBUG (Texture.cpp: 15)] aPointer[1] is0
[DEBUG (Texture.cpp: 16)] aPointer[2] is0
[DEBUG (Texture.cpp: 17)] aPointer[3] is0
[DEBUG (Texture.cpp: 14)] aPointer[0] is64
[DEBUG (Texture.cpp: 15)] aPointer[1] is0
[DEBUG (Texture.cpp: 16)] aPointer[2] is0
[DEBUG (Texture.cpp: 17)] aPointer[3] is0
[DEBUG (Texture.cpp: 14)] aPointer[0] is54
[DEBUG (Texture.cpp: 15)] aPointer[1] is48
[DEBUG (Texture.cpp: 16)] aPointer[2] is0
[DEBUG (Texture.cpp: 17)] aPointer[3] is0
[INFO (Texture.cpp: 31)] Loading bmp file:src/Texture.bmp
[DEBUG (Texture.cpp: 32)] width is 64, height is 64, filesize is 12342
[DEBUG (Texture.cpp: 14)] aPointer[0] is0
[DEBUG (Texture.cpp: 15)] aPointer[1] is0
[DEBUG (Texture.cpp: 16)] aPointer[2] is0
[DEBUG (Texture.cpp: 17)] aPointer[3] is0
Logging initialized.
[DEBUG (Texture.cpp: 14)] aPointer[0] is64
[DEBUG (Texture.cpp: 15)] aPointer[1] is0
[DEBUG (Texture.cpp: 16)] aPointer[2] is0
[DEBUG (Texture.cpp: 17)] aPointer[3] is0
[DEBUG (Texture.cpp: 14)] aPointer[0] is64
[DEBUG (Texture.cpp: 15)] aPointer[1] is0
[DEBUG (Texture.cpp: 16)] aPointer[2] is0
[DEBUG (Texture.cpp: 17)] aPointer[3] is0
[DEBUG (Texture.cpp: 14)] aPointer[0] is54
[DEBUG (Texture.cpp: 15)] aPointer[1] is48
[DEBUG (Texture.cpp: 16)] aPointer[2] is0
[DEBUG (Texture.cpp: 17)] aPointer[3] is0
[INFO (Texture.cpp: 31)] Loading bmp file:src/Texture.bmp
[DEBUG (Texture.cpp: 32)] width is 64, height is 64, filesize is 12342
[DEBUG (Texture.cpp: 14)] aPointer[0] is0
[DEBUG (Texture.cpp: 15)] aPointer[1] is0
[DEBUG (Texture.cpp: 16)] aPointer[2] is0
[DEBUG (Texture.cpp: 17)] aPointer[3] is0
Logging initialized.
[DEBUG (Texture.cpp: 14)] aPointer[0] is64
[DEBUG (Texture.cpp: 15)] aPointer[1] is0
[DEBUG (Texture.cpp: 16)] aPointer[2] is0
[DEBUG (Texture.cpp: 17)] aPointer[3] is0
[DEBUG (Texture.cpp: 14)] aPointer[0] is64
[DEBUG (Texture.cpp: 15)] aPointer[1] is0
[DEBUG (Texture.cpp: 16)] aPointer[2] is0
[DEBUG (Texture.cpp: 17)] aPointer[3] is0
[DEBUG (Texture.cpp: 14)] aPointer[0] is54
[DEBUG (Texture.cpp: 15)] aPointer[1] is48
[DEBUG (Texture.cpp: 16)] aPointer[2] is0
[DEBUG (Texture.cpp: 17)] aPointer[3] is0
[INFO (Texture.cpp: 31)] Loading bmp file:src/Texture.bmp
[DEBUG (Texture.cpp: 32)] width is 64, height is 64, filesize is 12342
[DEBUG (Texture.cpp: 14)] aPointer[0] is0
[DEBUG (Texture.cpp: 15)] aPointer[1] is0
[DEBUG (Texture.cpp: 16)] aPointer[2] is0
[DEBUG (Texture.cpp: 17)] aPointer[3] is0
Logging initialized.
[DEBUG (Texture.cpp: 14)] aPointer[0] is64
[DEBUG (Texture.cpp: 15)] aPointer[1] is0
[DEBUG (Texture.cpp: 16)] aPointer[2] is0
[DEBUG (Texture.cpp: 17)] aPointer[3] is0
[DEBUG (Texture.cpp: 14)] aPointer[0] is64
[DEBUG (Texture.cpp: 15)] aPointer[1] is0
[DEBUG (Texture.cpp: 16)] aPointer[2] is0
[DEBUG (Texture.cpp: 17)] aPointer[3] is0
[DEBUG (Texture.cpp: 14)] aPointer[0] is54
[DEBUG (Texture.cpp: 15)] aPointer[1] is48
[DEBUG (Texture.cpp: 16)] aPointer[2] is0
[DEBUG (Texture.cpp: 17)] aPointer[3] is0
[INFO (Texture.cpp: 31)] Loading bmp file:src/Texture.bmp
[DEBUG (Texture.cpp: 32)] width is 64, height is 64, filesize is 12342
[DEBUG (Texture.cpp: 14)] aPointer[0] is0
[DEBUG (Texture.cpp: 15)] aPointer[1] is0
[DEBUG (Texture.cpp: 16)] aPointer[2] is0
[DEBUG (Texture.cpp: 17)] aPointer[3] is0
Logging initialized.
[DEBUG (Texture.cpp: 14)] aPointer[0] is64
[DEBUG (Texture.cpp: 15)] aPointer[1] is0
[DEBUG (Texture.cpp: 16)] aPointer[2] is0
[DEBUG (Texture.cpp: 17)] aPointer[3] is0
[DEBUG (Texture.cpp: 14)] aPointer[0] is64
[DEBUG (Texture.cpp: 15)] aPointer[1] is0
[DEBUG (Texture.cpp: 16)] aPointer[2] is0
[DEBUG (Texture.cpp: 17)] aPointer[3] is0
[DEBUG (Texture.cpp: 14)] aPointer[0] is54
[DEBUG (Texture.cpp: 15)] aPointer[1] is48
[DEBUG (Texture.cpp: 16)] aPointer[2] is0
[DEBUG (Texture.cpp: 17)] aPointer[3] is0
[INFO (Texture.cpp: 31)] Loading bmp file:src/Texture.bmp
[DEBUG (Texture.cpp: 32)] width is 64, height is 64, filesize is 12342
[DEBUG (Texture.cpp: 14)] aPointer[0] is0
[DEBUG (Texture.cpp: 15)] aPointer[1] is0
[DEBUG (Texture.cpp: 16)] aPointer[2] is0
[DEBUG (Texture.cpp: 17)] aPointer[3] is0
Logging initialized.
[DEBUG (Texture.cpp: 14)] aPointer[0] is64
[DEBUG (Texture.cpp: 15)] aPointer[1] is0
[DEBUG (Texture.cpp: 16)] aPointer[2] is0
[DEBUG (Texture.cpp: 17)] aPointer[3] is0
[DEBUG (Texture.cpp: 14)] aPointer[0] is64
[DEBUG (Texture.cpp: 15)] aPointer[1] is0
[DEBUG (Texture.cpp: 16)] aPointer[2] is0
[DEBUG (Texture.cpp: 17)] aPointer[3] is0
[DEBUG (Texture.cpp: 14)] aPointer[0] is54
[DEBUG (Texture.cpp: 15)] aPointer[1] is48
[DEBUG (Texture.cpp: 16)] aPointer[2] is0
[DEBUG (Texture.cpp: 17)] aPointer[3] is0
[INFO (Texture.cpp: 31)] Loading bmp file:src/Texture.bmp
[DEBUG (Texture.cpp: 32)] width is 64, height is 64, filesize is 12342
[DEBUG (Texture.cpp: 14)] aPointer[0] is0
[DEBUG (Texture.cpp: 15)] aPointer[1] is0
[DEBUG (Texture.cpp: 16)] aPointer[2] is0
[DEBUG (Texture.cpp: 17)] aPointer[3] is0
Logging initialized.
[DEBUG (Texture.cpp: 14)] aPointer[0] is64
[DEBUG (Texture.cpp: 15)] aPointer[1] is0
[DEBUG (Texture.cpp: 16)] aPointer[2] is0
[DEBUG (Texture.cpp: 17)] aPointer[3] is0
[DEBUG (Texture.cpp: 14)] aPointer[0] is64
[DEBUG (Texture.cpp: 15)] aPointer[1] is0
[DEBUG (Texture.cpp: 16)] aPointer[2] is0
[DEBUG (Texture.cpp: 17)] aPointer[3] is0
[DEBUG (Texture.cpp: 14)] aPointer[0] is54
[DEBUG (Texture.cpp: 15)] aPointer[1] is48
[DEBUG (Texture.cpp: 16)] aPointer[2] is0
[DEBUG (Texture.cpp: 17)] aPointer[3] is0
[INFO (Texture.cpp: 31)] Loading bmp file:src/Texture.bmp
[DEBUG (Texture.cpp: 32)] width is 64, height is 64, filesize is 12342
[DEBUG (Texture.cpp: 14)] aPointer[0] is0
[DEBUG (Texture.cpp: 15)] aPointer[1] is0
[DEBUG (Texture.cpp: 16)] aPointer[2] is0
[DEBUG (Texture.cpp: 17)] aPointer[3] is0
Logging initialized.
[DEBUG (Texture.cpp: 14)] aPointer[0] is64
[DEBUG (Texture.cpp: 15)] aPointer[1] is0
[DEBUG (Texture.cpp: 16)] aPointer[2] is0
[DEBUG (Texture.cpp: 17)] aPointer[3] is0
[DEBUG (Texture.cpp: 14)] aPointer[0] is64
[DEBUG (Texture.cpp: 15)] aPointer[1] is0
[DEBUG (Texture.cpp: 16)] aPointer[2] is0
[DEBUG (Texture.cpp: 17)] aPointer[3] is0
[DEBUG (Texture.cpp: 14)] aPointer[0] is54
[DEBUG (Texture.cpp: 15)] aPointer[1] is48
[DEBUG (Texture.cpp: 16)] aPointer[2] is0
[DEBUG (Texture.cpp: 17)] aPointer[3] is0
[INFO (Texture.cpp: 31)] Loading bmp file:src/Texture.bmp
[DEBUG (Texture.cpp: 32)] width is 64, height is 64, filesize is 12342
[DEBUG (Texture.cpp: 14)] aPointer[0] is0
[DEBUG (Texture.cpp: 15)] aPointer[1] is0
[DEBUG (Texture.cpp: 16)] aPointer[2] is0
[DEBUG (Texture.cpp: 17)] aPointer[3] is0
Logging initialized.
[DEBUG (Texture.cpp: 14)] aPointer[0] is64
[DEBUG (Texture.cpp: 15)] aPointer[1] is0
[DEBUG (Texture.cpp: 16)] aPointer[2] is0
[DEBUG (Texture.cpp: 17)] aPointer[3] is0
[DEBUG (Texture.cpp: 14)] aPointer[0] is64
[DEBUG (Texture.cpp: 15)] aPointer[1] is0
[DEBUG (Texture.cpp: 16)] aPointer[2] is0
[DEBUG (Texture.cpp: 17)] aPointer[3] is0
[DEBUG (Texture.cpp: 14)] aPointer[0] is54
[DEBUG (Texture.cpp: 15)] aPointer[1] is48
[DEBUG (Texture.cpp: 16)] aPointer[2] is0
[DEBUG (Texture.cpp: 17)] aPointer[3] is0
[INFO (Texture.cpp: 31)] Loading bmp file:src/Texture.bmp
[DEBUG (Texture.cpp: 32)] width is 64, height is 64, filesize is 12342
[DEBUG (Texture.cpp: 14)] aPointer[0] is0
[DEBUG (Texture.cpp: 15)] aPointer[1] is0
[DEBUG (Texture.cpp: 16)] aPointer[2] is0
[DEBUG (Texture.cpp: 17)] aPointer[3] is0
Logging initialized.
[DEBUG (Texture.cpp: 14)] aPointer[0] is64
[DEBUG (Texture.cpp: 15)] aPointer[1] is0
[DEBUG (Texture.cpp: 16)] aPointer[2] is0
[DEBUG (Texture.cpp: 17)] aPointer[3] is0
[DEBUG (Texture.cpp: 14)] aPointer[0] is64
[DEBUG (Texture.cpp: 15)] aPointer[1] is0
[DEBUG (Texture.cpp: 16)] aPointer[2] is0
[DEBUG (Texture.cpp: 17)] aPointer[3] is0
[DEBUG (Texture.cpp: 14)] aPointer[0] is54
[DEBUG (Texture.cpp: 15)] aPointer[1] is48
[DEBUG (Texture.cpp: 16)] aPointer[2] is0
[DEBUG (Texture.cpp: 17)] aPointer[3] is0
[INFO (Texture.cpp: 31)] Loading bmp file:src/Texture.bmp
[DEBUG (Texture.cpp: 32)] width is 64, height is 64, filesize is 12342
[DEBUG (Texture.cpp: 14)] aPointer[0] is0
[DEBUG (Texture.cpp: 15)] aPointer[1] is0
[DEBUG (Texture.cpp: 16)] aPointer[2] is0
[DEBUG (Texture.cpp: 17)] aPointer[3] is0
Logging initialized.
[DEBUG (Texture.cpp: 14)] aPointer[0] is64
[DEBUG (Texture.cpp: 15)] aPointer[1] is0
[DEBUG (Texture.cpp: 16)] aPointer[2] is0
[DEBUG (Texture.cpp: 17)] aPointer[3] is0
[DEBUG (Texture.cpp: 14)] aPointer[0] is64
[DEBUG (Texture.cpp: 15)] aPointer[1] is0
[DEBUG (Texture.cpp: 16)] aPointer[2] is0
[DEBUG (Texture.cpp: 17)] aPointer[3] is0
[DEBUG (Texture.cpp: 14)] aPointer[0] is54
[DEBUG (Texture.cpp: 15)] aPointer[1] is48
[DEBUG (Texture.cpp: 16)] aPointer[2] is0
[DEBUG (Texture.cpp: 17)] aPointer[3] is0
[INFO (Texture.cpp: 31)] Loading bmp file:src/Texture.bmp
[DEBUG (Texture.cpp: 32)] width is 64, height is 64, filesize is 12342
[DEBUG (Texture.cpp: 14)] aPointer[0] is0
[DEBUG (Texture.cpp: 15)] aPointer[1] is0
[DEBUG (Texture.cpp: 16)] aPointer[2] is0
[DEBUG (Texture.cpp: 17)] aPointer[3] is0
Logging initialized.
[DEBUG (Texture.cpp: 14)] aPointer[0] is64
[DEBUG (Texture.cpp: 15)] aPointer[1] is0
[DEBUG (Texture.cpp: 16)] aPointer[2] is0
[DEBUG (Texture.cpp: 17)] aPointer[3] is0
[DEBUG (Texture.cpp: 14)] aPointer[0] is64
[DEBUG (Texture.cpp: 15)] aPointer[1] is0
[DEBUG (Texture.cpp: 16)] aPointer[2] is0
[DEBUG (Texture.cpp: 17)] aPointer[3] is0
[DEBUG (Texture.cpp: 14)] aPointer[0] is54
[DEBUG (Texture.cpp: 15)] aPointer[1] is48
[DEBUG (Texture.cpp: 16)] aPointer[2] is0
[DEBUG (Texture.cpp: 17)] aPointer[3] is0
[INFO (Texture.cpp: 31)] Loading bmp file:src/Texture.bmp
[DEBUG (Texture.cpp: 32)] width is 64, height is 64, filesize is 12342
[DEBUG (Texture.cpp: 14)] aPointer[0] is0
[DEBUG (Texture.cpp: 15)] aPointer[1] is0
[DEBUG (Texture.cpp: 16)] aPointer[2] is0
[DEBUG (Texture.cpp: 17)] aPointer[3] is0
Logging initialized.
[DEBUG (Texture.cpp: 14)] aPointer[0] is64
[DEBUG (Texture.cpp: 15)] aPointer[1] is0
[DEBUG (Texture.cpp: 16)] aPointer[2] is0
[DEBUG (Texture.cpp: 17)] aPointer[3] is0
[DEBUG (Texture.cpp: 14)] aPointer[0] is64
[DEBUG (Texture.cpp: 15)] aPointer[1] is0
[DEBUG (Texture.cpp: 16)] aPointer[2] is0
[DEBUG (Texture.cpp: 17)] aPointer[3] is0
[DEBUG (Texture.cpp: 14)] aPointer[0] is54
[DEBUG (Texture.cpp: 15)] aPointer[1] is48
[DEBUG (Texture.cpp: 16)] aPointer[2] is0
[DEBUG (Texture.cpp: 17)] aPointer[3] is0
[INFO (Texture.cpp: 31)] Loading bmp file:src/Texture.bmp
[DEBUG (Texture.cpp: 32)] width is 64, height is 64, filesize is 12342
[DEBUG (Texture.cpp: 14)] aPointer[0] is0
[DEBUG (Texture.cpp: 15)] aPointer[1] is0
[DEBUG (Texture.cpp: 16)] aPointer[2] is0
[DEBUG (Texture.cpp: 17)] aPointer[3] is0
Logging initialized.
[DEBUG (Texture.cpp: 14)] aPointer[0] is64
[DEBUG (Texture.cpp: 15)] aPointer[1] is0
[DEBUG (Texture.cpp: 16)] aPointer[2] is0
[DEBUG (Texture.cpp: 17)] aPointer[3] is0
[DEBUG (Texture.cpp: 14)] aPointer[0] is64
[DEBUG (Texture.cpp: 15)] aPointer[1] is0
[DEBUG (Texture.cpp: 16)] aPointer[2] is0
[DEBUG (Texture.cpp: 17)] aPointer[3] is0
[DEBUG (Texture.cpp: 14)] aPointer[0] is54
[DEBUG (Texture.cpp: 15)] aPointer[1] is48
[DEBUG (Texture.cpp: 16)] aPointer[2] is0
[DEBUG (Texture.cpp: 17)] aPointer[3] is0
[INFO (Texture.cpp: 31)] Loading bmp file:src/Texture.bmp
[DEBUG (Texture.cpp: 32)] width is 64, height is 64, filesize is 12342
[DEBUG (Texture.cpp: 14)] aPointer[0] is0
[DEBUG (Texture.cpp: 15)] aPointer[1] is0
[DEBUG (Texture.cpp: 16)] aPointer[2] is0
[DEBUG (Texture.cpp: 17)] aPointer[3] is0
Logging initialized.
[DEBUG (Texture.cpp: 14)] aPointer[0] is64
[DEBUG (Texture.cpp: 15)] aPointer[1] is0
[DEBUG (Texture.cpp: 16)] aPointer[2] is0
[DEBUG (Texture.cpp: 17)] aPointer[3] is0
[DEBUG (Texture.cpp: 14)] aPointer[0] is64
[DEBUG (Texture.cpp: 15)] aPointer[1] is0
[DEBUG (Texture.cpp: 16)] aPointer[2] is0
[DEBUG (Texture.cpp: 17)] aPointer[3] is0
[DEBUG (Texture.cpp: 14)] aPointer[0] is54
[DEBUG (Texture.cpp: 15)] aPointer[1] is48
[DEBUG (Texture.cpp: 16)] aPointer[2] is0
[DEBUG (Texture.cpp: 17)] aPointer[3] is0
[INFO (Texture.cpp: 31)] Loading bmp file:src/Texture.bmp
[DEBUG (Texture.cpp: 32)] width is 64, height is 64, filesize is 12342
[DEBUG (Texture.cpp: 14)] aPointer[0] is0
[DEBUG (Texture.cpp: 15)] aPointer[1] is0
[DEBUG (Texture.cpp: 16)] aPointer[2] is0
[DEBUG (Texture.cpp: 17)] aPointer[3] is0
Logging initialized.
[DEBUG (Texture.cpp: 14)] aPointer[0] is64
[DEBUG (Texture.cpp: 15)] aPointer[1] is0
[DEBUG (Texture.cpp: 16)] aPointer[2] is0
[DEBUG (Texture.cpp: 17)] aPointer[3] is0
[DEBUG (Texture.cpp: 14)] aPointer[0] is64
[DEBUG (Texture.cpp: 15)] aPointer[1] is0
[DEBUG (Texture.cpp: 16)] aPointer[2] is0
[DEBUG (Texture.cpp: 17)] aPointer[3] is0
[DEBUG (Texture.cpp: 14)] aPointer[0] is54
[DEBUG (Texture.cpp: 15)] aPointer[1] is48
[DEBUG (Texture.cpp: 16)] aPointer[2] is0
[DEBUG (Texture.cpp: 17)] aPointer[3] is0
[INFO (Texture.cpp: 31)] Loading bmp file:src/Texture.bmp
[DEBUG (Texture.cpp: 32)] width is 64, height is 64, filesize is 12342
[DEBUG (Texture.cpp: 14)] aPointer[0] is0
[DEBUG (Texture.cpp: 15)] aPointer[1] is0
[DEBUG (Texture.cpp: 16)] aPointer[2] is0
[DEBUG (Texture.cpp: 17)] aPointer[3] is0
Logging initialized.
[DEBUG (Texture.cpp: 14)] aPointer[0] is64
[DEBUG (Texture.cpp: 15)] aPointer[1] is0
[DEBUG (Texture.cpp: 16)] aPointer[2] is0
[DEBUG (Texture.cpp: 17)] aPointer[3] is0
[DEBUG (Texture.cpp: 14)] aPointer[0] is64
[DEBUG (Texture.cpp: 15)] aPointer[1] is0
[DEBUG (Texture.cpp: 16)] aPointer[2] is0
[DEBUG (Texture.cpp: 17)] aPointer[3] is0
[DEBUG (Texture.cpp: 14)] aPointer[0] is54
[DEBUG (Texture.cpp: 15)] aPointer[1] is48
[DEBUG (Texture.cpp: 16)] aPointer[2] is0
[DEBUG (Texture.cpp: 17)] aPointer[3] is0
[INFO (Texture.cpp: 31)] Loading bmp file:src/Texture.bmp
[DEBUG (Texture.cpp: 32)] width is 64, height is 64, filesize is 12342
[DEBUG (Texture.cpp: 14)] aPointer[0] is0
[DEBUG (Texture.cpp: 15)] aPointer[1] is0
[DEBUG (Texture.cpp: 16)] aPointer[2] is0
[DEBUG (Texture.cpp: 17)] aPointer[3] is0
Logging initialized.
